---
source: sagitta-integration-tests/tests/test.rs
expression: out1
---
Output {
    status: ExitStatus(
        unix_wait_status(
            0,
        ),
    ),
    stdout: "total 1\n-rw-r--r-- 1 14 Dec 22  2009 hello.txt\ndrwxr-xr-x 2  0 Dec 22  2009 hello_dir\n-rw-r--r-- 1 21 Dec 22  2009 cow.txt\ndrwxr-xr-x 2  0 Dec 22  2009 cow_dir\n",
    stderr: "",
}
