---
source: sagitta-remote-system-db/tests/test_sqlite.rs
expression: res8_changelist
---
GetWorkspaceChangelistResponse {
    items: [
        GetWorkspaceChangelistResponseItem {
            file_path: "foo",
            blob_id: None,
            deleted: false,
            file_type: Dir,
        },
        GetWorkspaceChangelistResponseItem {
            file_path: "foo/test.txt",
            blob_id: None,
            deleted: true,
            file_type: File,
        },
        GetWorkspaceChangelistResponseItem {
            file_path: "bar",
            blob_id: None,
            deleted: true,
            file_type: Dir,
        },
        GetWorkspaceChangelistResponseItem {
            file_path: "foo/bar",
            blob_id: None,
            deleted: true,
            file_type: Dir,
        },
    ],
}
