---
source: sagitta-remote-system-db/tests/test_sqlite.rs
expression: res5
---
GetWorkspacesResponse {
    workspaces: [
        GetWorkspacesResponseItem {
            workspace_id: "KKY4v_RsVnygPCvp9OLiuJrmIauA9zgO1PTaR_XZZ18iBKsW0IkHQ66gpvZkC9bE",
            workspace_name: "workspace1",
            created_at: SystemTime {
                tv_sec: 1261440000,
                tv_nsec: 0,
            },
            deleted_at: Some(
                SystemTime {
                    tv_sec: 1261440000,
                    tv_nsec: 0,
                },
            ),
        },
    ],
}
